E/AccessibilityManager( 3420): 	at android.view.ViewRootImpl$InputStage.forward(ViewRootImpl.java:3444)
E/AccessibilityManager( 3420): 	at an
E/AccessibilityManager( 3420): Error during sending EventType: TYPE_VIEW_ACCESSIBILITY_FOCUSED; EventTime: 276967; PackageName: com.google.android.inputmethod.latin; MovementGranularity: 0; Action: 0 [ ClassName: com.android.inputmethod.keyboard.Key; Text: []; ContentDescription: h; ItemCount: -1; CurrentItemIndex: -1; IsEnabled: true; IsPassword: false; IsChecked: false; IsFullScreen: false; Scrollable: false; BeforeText: null; FromIndex: -1; ToIndex: -1; ScrollX: -1; ScrollY: -1; MaxScrollX: -1; MaxScrollY: -1; AddedCount: -1; RemovedCount: -1; ParcelableData: null ]; recordCount: 0 
E/AccessibilityManager( 3420): android.os.DeadObjectException
E/AccessibilityManager( 3420): 	at android.os.BinderProxy.transact(Native Method)
E/AccessibilityManager( 3420): 	at android.view.accessibility.IAccessibilityManager$Stub$Proxy.sendAccessibilityEvent(IAccessibilityManager.java:229)
E/AccessibilityManager( 3420): 	at android.view.accessibility.AccessibilityManager.sendAccessibilityEvent(AccessibilityManager.java:267)
E/AccessibilityManager( 3420): 	at com.android.inputmethod.accessibility.AccessibilityUtils.requestSendAccessibilityEvent(AccessibilityUtils.java:262)
E/AccessibilityManager( 3420): 	at com.android.inputmethod.accessibility.AccessibilityEntityProvider.sendAccessibilityEventForKey(AccessibilityEntityProvider.java:278)
E/AccessibilityManager( 3420): 	at com.android.inputmethod.accessibility.AccessibilityEntityProvider.performActionForKey(AccessibilityEntityProvider.java:254)
E/AccessibilityManager( 3420): 	at com.android.inputmethod.accessibility.AccessibleKeyboardViewProxy.onHoverKey(AccessibleKeyboardViewProxy.java:328)
E/AccessibilityManager( 3420): 	at com.android.inputmethod.accessibility.AccessibleKeyboardViewProxy.onTransitionKey(AccessibleKeyboardViewProxy.java:302)
E/AccessibilityManager( 3420): 	at com.android.inputmethod.accessibility.AccessibleKeyboardViewProxy.dispatchHoverEvent(AccessibleKeyboardViewProxy.java:254)
E/AccessibilityManager( 3420): 	at com.android.inputmethod.keyboard.MainKeyboardView.dispatchHoverEvent(MainKeyboardView.java:1103)
E/AccessibilityManager( 3420): 	at android.view.View.dispatchGenericMotionEvent(View.java:7756)
E/AccessibilityManager( 3420): 	at android.view.ViewGroup.dispatchTransformedGenericPointerEvent(ViewGroup.java:1824)
E/AccessibilityManager( 3420): 	at android.view.ViewGroup.dispatchHoverEvent(ViewGroup.java:1551)
E/AccessibilityManager( 3420): 	at android.view.View.dispatchGenericMotionEvent(View.java:7756)
E/AccessibilityManager( 3420): 	at android.view.ViewGroup.dispatchTransformedGenericPointerEvent(ViewGroup.java:1824)
E/AccessibilityManager( 3420): 	at android.view.ViewGroup.dispatchHoverEvent(ViewGroup.java:1551)
E/AccessibilityManager( 3420): 	at android.view.View.dispatchGenericMotionEvent(View.java:7756)
E/AccessibilityManager( 3420): 	at android.view.ViewGroup.dispatchTransformedGenericPointerEvent(ViewGroup.java:1824)
E/AccessibilityManager( 3420): 	at android.view.ViewGroup.dispatchHoverEvent(ViewGroup.java:1551)
E/AccessibilityManager( 3420): 	at android.view.View.dispatchGenericMotionEvent(View.java:7756)
E/AccessibilityManager( 3420): 	at android.view.ViewGroup.dispatchTransformedGenericPointerEvent(ViewGroup.java:1824)
E/AccessibilityManager( 3420): 	at android.view.ViewGroup.dispatchHoverEvent(ViewGroup.java:1551)
E/AccessibilityManager( 3420): 	at android.view.View.dispatchGenericMotionEvent(View.java:7756)
E/AccessibilityManager( 3420): 	at android.view.ViewGroup.dispatchTransformedGenericPointerEvent(ViewGroup.java:1824)
E/AccessibilityManager( 3420): 	at android.view.ViewGroup.dispatchHoverEvent(ViewGroup.java:1551)
E/AccessibilityManager( 3420): 	at android.view.View.dispatchGenericMotionEvent(View.java:7756)
E/AccessibilityManager( 3420): 	at android.view.ViewGroup.dispatchTransformedGenericPointerEvent(ViewGroup.java:1824)
E/AccessibilityManager( 3420): 	at android.view.ViewGroup.dispatchHoverEvent(ViewGroup.java:1551)
E/AccessibilityManager( 3420): 	at android.view.View.dispatchGenericMotionEvent(View.java:7756)
E/AccessibilityManager( 3420): 	at android.view.ViewGroup.dispatchTransformedGenericPointerEvent(ViewGroup.java:1824)
E/AccessibilityManager( 3420): 	at android.view.ViewGroup.dispatchHoverEvent(ViewGroup.java:1551)
E/AccessibilityManager( 3420): 	at android.view.View.dispatchGenericMotionEvent(View.java:7756)
E/AccessibilityManager( 3420): 	at com.android.internal.policy.impl.PhoneWindow$DecorView.superDispatchGenericMotionEvent(PhoneWindow.java:2074)
E/AccessibilityManager( 3420): 	at com.android.internal.policy.impl.PhoneWindow.superDispatchGenericMotionEvent(PhoneWindow.java:1525)
E/AccessibilityManager( 3420): 	at android.app.Dialog.dispatchGenericMotionEvent(Dialog.java:780)
E/AccessibilityManager( 3420): 	at com.android.internal.policy.impl.PhoneWindow$DecorView.dispatchGenericMotionEvent(PhoneWindow.java:2028)
E/AccessibilityManager( 3420): 	at android.view.View.dispatchPointerEvent(View.java:7872)
E/AccessibilityManager( 3420): 	at android.view.ViewRootImpl$ViewPostImeInputStage.processPointerEvent(ViewRootImpl.java:3940)
E/AccessibilityManager( 3420): 	at android.view.ViewRootImpl$ViewPostImeInputStage.onProcess(ViewRootImpl.java:3829)
E/AccessibilityManager( 3420): 	at android.view.ViewRootImpl$InputStage.deliver(ViewRootImpl.java:3425)
E/AccessibilityManager( 3420): 	at android.view.ViewR
V/MediaPlayerFactory( 1321): MediaPlayerFactory::getPlayerType: url = /system/media/boot.wav
V/MediaPlayerFactory( 1321):  create StagefrightPlayer
I/AwesomePlayer( 1321): setDataSource_l(URL suppressed)
W/TimedEventQueue( 1321): cannot connect to the power manager service
D/libEGL  ( 7772): loaded /vendor/lib/egl/libEGL_POWERVR_SGX544_115.so
D/libEGL  ( 7772): loaded /vendor/lib/egl/libGLESv1_CM_POWERVR_SGX544_115.so
D/libEGL  ( 7772): loaded /vendor/lib/egl/libGLESv2_POWERVR_SGX544_115.so
W/TimedEventQueue( 1321): cannot connect to the power manager service
E/BufferQueue( 1318): [com.android.chrome/com.google.android.apps.chrome.Main] dequeueBuffer: BufferQueue has been abandoned!
E/IMGSRV  ( 6889): :0: DequeueBufferWrapper: Failed to de-queue buffer
E/IMGSRV  ( 6889): :0: KEGLGetDrawableParameters: Native window is invalid
E/BufferQueue( 1318): [com.android.chrome/com.google.android.apps.chrome.Main] dequeueBuffer: BufferQueue has been abandoned!
E/IMGSRV  ( 6889): :0: DequeueBufferWrapper: Failed to de-queue buffer
E/IMGSRV  ( 6889): :0: KEGLGetDrawableParameters: Native window is invalid
E/BufferQueue( 1318): [com.android.chrome/com.google.android.apps.chrome.Main] dequeueBuffer: BufferQueue has been abandoned!
E/IMGSRV  ( 6889): :0: DequeueBufferWrapper: Failed to de-queue buffer
E/IMGSRV  ( 6889): :0: KEGLGetDrawableParameters: Native window is invalid
E/IMGSRV  ( 6889): :0: PrepareToDraw: Invalid drawable
E/IMGSRV  ( 6889): :0: glDrawArrays: Can't prepare to draw
E/BufferQueue( 1318): [com.android.chrome/com.google.android.apps.chrome.Main] dequeueBuffer: BufferQueue has been abandoned!
E/IMGSRV  ( 6889): :0: DequeueBufferWrapper: Failed to de-queue buffer
E/IMGSRV  ( 6889): :0: KEGLGetDrawableParameters: Native window is invalid
E/IMGSRV  ( 6889): :0: PrepareToDraw: Invalid drawable
E/IMGSRV  ( 6889): :0: glDrawArrays: Can't prepare to draw
E/BufferQueue( 1318): [com.android.chrome/com.google.android.apps.chrome.Main] dequeueBuffer: BufferQueue has been abandoned!
E/IMGSRV  ( 6889): :0: DequeueBufferWrapper: Failed to de-queue buffer
E/IMGSRV  ( 6889): :0: KEGLGetDrawableParameters: Native window is invalid
E/IMGSRV  ( 6889): :0: PrepareToDraw: Invalid drawable
E/IMGSRV  ( 6889): :0: glDrawArrays: Can't prepare to draw
E/BufferQueue( 1318): [com.android.chrome/com.google.android.apps.chrome.Main] dequeueBuffer: BufferQueue has been abandoned!
E/IMGSRV  ( 6889): :0: DequeueBufferWrapper: Failed to de-queue buffer
E/IMGSRV  ( 6889): :0: KEGLGetDrawableParameters: Native window is invalid
E/IMGSRV  ( 6889): :0: PrepareToDraw: Invalid drawable
E/IMGSRV  ( 6889): :0: glDrawArrays: Can't prepare to draw
E/BufferQueue( 1318): [com.android.chrome/com.google.android.apps.chrome.Main] dequeueBuffer: BufferQueue has been abandoned!
E/IMGSRV  ( 6889): :0: DequeueBufferWrapper: Failed to de-queue buffer
E/IMGSRV  ( 6889): :0: KEGLGetDrawableParameters: Native window is invalid
E/IMGSRV  ( 6889): :0: PrepareToDraw: Invalid drawable
E/IMGSRV  ( 6889): :0: glDrawElements: Can't prepare to draw
E/BufferQueue( 1318): [com.android.chrome/com.google.android.apps.chrome.Main] dequeueBuffer: BufferQueue has been abandoned!
E/IMGSRV  ( 6889): :0: DequeueBufferWrapper: Failed to de-queue buffer
E/IMGSRV  ( 6889): :0: KEGLGetDrawableParameters: Native window is invalid
E/IMGSRV  ( 6889): :0: PrepareToDraw: Invalid drawable
E/IMGSRV  ( 6889): :0: glDrawArrays: Can't prepare to draw
E/BufferQueue( 1318): [com.android.chrome/com.google.android.apps.chrome.Main] dequeueBuffer: BufferQueue has been abandoned!
E/IMGSRV  ( 6889): :0: DequeueBufferWrapper: Failed to de-queue buffer
E/IMGSRV  ( 6889): :0: KEGLGetDrawableParameters: Native window is invalid
E/IMGSRV  ( 6889): :0: PrepareToDraw: Invalid drawable
E/IMGSRV  ( 6889): :0: glDrawArrays: Can't prepare to draw
E/BufferQueue( 1318): [com.android.chrome/com.google.android.apps.chrome.Main] dequeueBuffer: BufferQueue has been abandoned!
E/IMGSRV  ( 6889): :0: DequeueBufferWrapper: Failed to de-queue buffer
E/IMGSRV  ( 6889): :0: KEGLGetDrawableParameters: Native window is invalid
E/IMGSRV  ( 6889): :0: PrepareToDraw: Invalid drawable
E/IMGSRV  ( 6889): :0: glDrawElements: Can't prepare to draw
E/BufferQueue( 1318): [com.android.chrome/com.google.android.apps.chrome.Main] dequeueBuffer: BufferQueue has been abandoned!
E/IMGSRV  ( 6889): :0: DequeueBufferWrapper: Failed to de-queue buffer
E/IMGSRV  ( 6889): :0: KEGLGetDrawableParameters: Native window is invalid
E/IMGSRV  ( 6889): :0: PrepareToDraw: Invalid drawable
E/IMGSRV  ( 6889): :0: glDrawArrays: Can't prepare to draw
E/BufferQueue( 1318): [com.android.chrome/com.google.android.apps.chrome.Main] dequeueBuffer: BufferQueue has been abandoned!
E/IMGSRV  ( 6889): :0: DequeueBufferWrapper: Failed to de-queue buffer
E/IMGSRV  ( 6889): :0: KEGLGetDrawableParameters: Native window is invalid
E/IMGSRV  ( 6889): :0: PrepareToDraw: Invalid drawable
E/IMGSRV  ( 6889): :0: glDrawArrays: Can't prepare to draw
E/BufferQueue( 1318): [com.android.chrome/com.google.android.apps.chrome.Main] dequeueBuffer: BufferQueue has been abandoned!
E/IMGSRV  ( 6889): :0: DequeueBufferWrapper: Failed to de-queue buffer
E/IMGSRV  ( 6889): :0: KEGLGetDrawableParameters: Native window is invalid
E/IMGSRV  ( 6889): :0: PrepareToDraw: Invalid drawable
E/IMGSRV  ( 6889): :0: glDrawArrays: Can't prepare to draw
E/BufferQueue( 1318): [com.android.chrome/com.google.android.apps.chrome.Main] dequeueBuffer: BufferQueue has been abandoned!
E/IMGSRV  ( 6889): :0: DequeueBufferWrapper: Failed to de-queue buffer
E/IMGSRV  ( 6889): :0: KEGLGetDrawableParameters: Native window is invalid
E/IMGSRV  ( 6889): :0: PrepareToDraw: Invalid drawable
E/IMGSRV  ( 6889): :0: glDrawElements: Can't prepare to draw
E/BufferQueue( 1318): [com.android.chrome/com.google.android.apps.chrome.Main] dequeueBuffer: BufferQueue has been abandoned!
E/IMGSRV  ( 6889): :0: DequeueBufferWrapper: Failed to de-queue buffer
E/IMGSRV  ( 6889): :0: KEGLGetDrawableParameters: Native window is invalid
E/IMGSRV  ( 6889): :0: PrepareToDraw: Invalid drawable
E/IMGSRV  ( 6889): :0: glDrawElements: Can't prepare to draw
E/BufferQueue( 1318): [com.android.chrome/com.google.android.apps.chrome.Main] dequeueBuffer: BufferQueue has been abandoned!
E/IMGSRV  ( 6889): :0: DequeueBufferWrapper: Failed to de-queue buffer
E/IMGSRV  ( 6889): :0: KEGLGetDrawableParameters: Native window is invalid
E/IMGSRV  ( 6889): :0: PrepareToDraw: Invalid drawable
E/IMGSRV  ( 6889): :0: glDrawArrays: Can't prepare to draw
E/BufferQueue( 1318): [com.android.chrome/com.google.android.apps.chrome.Main] dequeueBuffer: BufferQueue has been abandoned!
E/IMGSRV  ( 6889): :0: DequeueBufferWrapper: Failed to de-queue buffer
E/IMGSRV  ( 6889): :0: KEGLGetDrawableParameters: Native window is invalid
E/IMGSRV  ( 6889): :0: PrepareToDraw: Invalid drawable
E/IMGSRV  ( 6889): :0: glDrawArrays: Can't prepare to draw
E/BufferQueue( 1318): [com.android.chrome/com.google.android.apps.chrome.Main] dequeueBuffer: BufferQueue has been abandoned!
E/IMGSRV  ( 6889): :0: DequeueBufferWrapper: Failed to de-queue buffer
E/IMGSRV  ( 6889): :0: KEGLGetDrawableParameters: Native window is invalid
E/IMGSRV  ( 6889): :0: PrepareToDraw: Invalid drawable
E/IMGSRV  ( 6889): :0: glDrawArrays: Can't prepare to draw
E/BufferQueue( 1318): [com.android.chrome/com.google.android.apps.chrome.Main] dequeueBuffer: BufferQueue has been abandoned!
E/IMGSRV  ( 6889): :0: DequeueBufferWrapper: Failed to de-queue buffer
E/IMGSRV  ( 6889): :0: KEGLGetDrawableParameters: Native window is invalid
E/IMGSRV  ( 6889): :0: PrepareToDraw: Invalid drawable
E/IMGSRV  ( 6889): :0: glDrawArrays: Can't prepare to draw
E/BufferQueue( 1318): [com.android.chrome/com.google.android.apps.chrome.Main] dequeueBuffer: BufferQueue has been abandoned!
E/IMGSRV  ( 6889): :0: DequeueBufferWrapper: Failed to de-queue buffer
E/IMGSRV  ( 6889): :0: KEGLGetDrawableParameters: Native window is invalid
E/IMGSRV  ( 6889): :0: PrepareToDraw: Invalid drawable
E/IMGSRV  ( 6889): :0: glDrawArrays: Can't prepare to draw
E/BufferQueue( 1318): [com.android.chrome/com.google.android.apps.chrome.Main] dequeueBuffer: BufferQueue has been abandoned!
E/IMGSRV  ( 6889): :0: DequeueBufferWrapper: Failed to de-queue buffer
E/IMGSRV  ( 6889): :0: KEGLGetDrawableParameters: Native window is invalid
E/IMGSRV  ( 6889): :0: PrepareToDraw: Invalid drawable
E/IMGSRV  ( 6889): :0: glDrawArrays: Can't prepare to draw
E/BufferQueue( 1318): [com.android.chrome/com.google.android.apps.chrome.Main] dequeueBuffer: BufferQueue has been abandoned!
E/IMGSRV  ( 6889): :0: DequeueBufferWrapper: Failed to de-queue buffer
E/IMGSRV  ( 6889): :0: KEGLGetDrawableParameters: Native window is invalid
E/IMGSRV  ( 6889): :0: PrepareToDraw: Invalid drawable
E/IMGSRV  ( 6889): :0: glDrawArrays: Can't prepare to draw
E/BufferQueue( 1318): [com.android.chrome/com.google.android.apps.chrome.Main] dequeueBuffer: BufferQueue has been abandoned!
E/IMGSRV  ( 6889): :0: DequeueBufferWrapper: Failed to de-queue buffer
E/IMGSRV  ( 6889): :0: KEGLGetDrawableParameters: Native window is invalid
E/IMGSRV  ( 6889): :0: PrepareToDraw: Invalid drawable
E/IMGSRV  ( 6889): :0: glDrawElements: Can't prepare to draw
E/BufferQueue( 1318): [com.android.chrome/com.google.android.apps.chrome.Main] dequeueBuffer: BufferQueue has been abandoned!
E/IMGSRV  ( 6889): :0: DequeueBufferWrapper: Failed to de-queue buffer
E/IMGSRV  ( 6889): :0: KEGLGetDrawableParameters: Native window is invalid
E/IMGSRV  ( 6889): :0: PrepareToDraw: Invalid drawable
E/IMGSRV  ( 6889): :0: glDrawElements: Can't prepare to draw
E/BufferQueue( 1318): [com.android.chrome/com.google.android.apps.chrome.Main] dequeueBuffer: BufferQueue has been abandoned!
E/IMGSRV  ( 6889): :0: DequeueBufferWrapper: Failed to de-queue buffer
E/IMGSRV  ( 6889): :0: KEGLGetDrawableParameters: Native window is invalid
E/IMGSRV  ( 6889): :0: PrepareToDraw: Invalid drawable
E/IMGSRV  ( 6889): :0: glDrawElements: Can't prepare to draw
E/BufferQueue( 1318): [com.android.chrome/com.google.android.apps.chrome.Main] dequeueBuffer: BufferQueue has been abandoned!
E/IMGSRV  ( 6889): :0: DequeueBufferWrapper: Failed to de-queue buffer
E/IMGSRV  ( 6889): :0: KEGLGetDrawableParameters: Native window is invalid
E/IMGSRV  ( 6889): :0: PrepareToDraw: Invalid drawable
E/IMGSRV  ( 6889): :0: glDrawArrays: Can't prepare to draw
E/BufferQueue( 1318): [com.android.chrome/com.google.android.apps.chrome.Main] dequeueBuffer: BufferQueue has been abandoned!
E/IMGSRV  ( 6889): :0: DequeueBufferWrapper: Failed to de-queue buffer
E/IMGSRV  ( 6889): :0: KEGLGetDrawableParameters: Native window is invalid
E/IMGSRV  ( 6889): :0: PrepareToDraw: Invalid drawable
E/IMGSRV  ( 6889): :0: glDrawArrays: Can't prepare to draw
E/BufferQueue( 1318): [com.android.chrome/com.google.android.apps.chrome.Main] dequeueBuffer: BufferQueue has been abandoned!
E/IMGSRV  ( 6889): :0: DequeueBufferWrapper: Failed to de-queue buffer
E/IMGSRV  ( 6889): :0: KEGLGetDrawableParameters: Native window is invalid
E/IMGSRV  ( 6889): :0: PrepareToDraw: Invalid drawable
E/IMGSRV  ( 6889): :0: glDrawArrays: Can't prepare to draw
E/BufferQueue( 1318): [com.android.chrome/com.google.android.apps.chrome.Main] dequeueBuffer: BufferQueue has been abandoned!
E/IMGSRV  ( 6889): :0: DequeueBufferWrapper: Failed to de-queue buffer
E/IMGSRV  ( 6889): :0: KEGLGetDrawableParameters: Native window is invalid
E/IMGSRV  ( 6889): :0: PrepareToDraw: Invalid drawable
E/IMGSRV  ( 6889): :0: glDrawArrays: Can't prepare to draw
E/BufferQueue( 1318): [com.android.chrome/com.google.android.apps.chrome.Main] dequeueBuffer: BufferQueue has been abandoned!
E/IMGSRV  ( 6889): :0: DequeueBufferWrapper: Failed to de-queue buffer
E/IMGSRV  ( 6889): :0: KEGLGetDrawableParameters: Native window is invalid
E/IMGSRV  ( 6889): :0: PrepareToDraw: Invalid drawable
E/IMGSRV  ( 6889): :0: glDrawArrays: Can't prepare to draw
E/BufferQueue( 1318): [com.android.chrome/com.google.android.apps.chrome.Main] dequeueBuffer: BufferQueue has been abandoned!
E/IMGSRV  ( 6889): :0: DequeueBufferWrapper: Failed to de-queue buffer
E/IMGSRV  ( 6889): :0: KEGLGetDrawableParameters: Native window is invalid
E/IMGSRV  ( 6889): :0: PrepareToDraw: Invalid drawable
E/IMGSRV  ( 6889): :0: glDrawElements: Can't prepare to draw
E/BufferQueue( 1318): [com.android.chrome/com.google.android.apps.chrome.Main] dequeueBuffer: BufferQueue has been abandoned!
E/IMGSRV  ( 6889): :0: DequeueBufferWrapper: Failed to de-queue buffer
E/IMGSRV  ( 6889): :0: KEGLGetDrawableParameters: Native window is invalid
E/IMGSRV  ( 6889): :0: PrepareToDraw: Invalid drawable
E/IMGSRV  ( 6889): :0: glDrawArrays: Can't prepare to draw
E/BufferQueue( 1318): [com.android.chrome/com.google.android.apps.chrome.Main] dequeueBuffer: BufferQueue has been abandoned!
E/IMGSRV  ( 6889): :0: DequeueBufferWrapper: Failed to de-queue buffer
E/IMGSRV  ( 6889): :0: KEGLGetDrawableParameters: Native window is invalid
W/HardwareRenderer( 6889): EGL error: EGL_BAD_SURFACE
W/HardwareRenderer( 6889): Mountain View, we've had a problem here. Switching back to software rendering.
E/installd( 1322): eof
E/installd( 1322): failed to read size
I/installd( 1322): closing connection
E/BufferQueue( 1318): [com.android.chrome/com.google.android.apps.chrome.Main] connect: BufferQueue has been abandoned!
E/ViewRootImpl( 6889): Could not lock surface
E/ViewRootImpl( 6889): java.lang.IllegalArgumentException
E/ViewRootImpl( 6889): 	at android.view.Surface.nativeLockCanvas(Native Method)
E/ViewRootImpl( 6889): 	at android.view.Surface.lockCanvas(Surface.java:246)
E/ViewRootImpl( 6889): 	at android.view.ViewRootImpl.drawSoftware(ViewRootImpl.java:2452)
E/ViewRootImpl( 6889): 	at android.view.ViewRootImpl.draw(ViewRootImpl.java:2426)
E/ViewRootImpl( 6889): 	at android.view.ViewRootImpl.performDraw(ViewRootImpl.java:2270)
E/ViewRootImpl( 6889): 	at android.view.ViewRootImpl.performTraversals(ViewRootImpl.java:1900)
E/ViewRootImpl( 6889): 	at android.view.ViewRootImpl.doTraversal(ViewRootImpl.java:1017)
E/ViewRootImpl( 6889): 	at android.view.ViewRootImpl$TraversalRunnable.run(ViewRootImpl.java:5603)
E/ViewRootImpl( 6889): 	at android.view.Choreographer$CallbackRecord.run(Choreographer.java:749)
E/ViewRootImpl( 6889): 	at android.view.Choreographer.doCallbacks(Choreographer.java:562)
E/ViewRootImpl( 6889): 	at android.view.Choreographer.doFrame(Choreographer.java:532)
E/ViewRootImpl( 6889): 	at android.view.Choreographer$FrameDisplayEventReceiver.run(Choreographer.java:735)
E/ViewRootImpl( 6889): 	at android.os.Handler.handleCallback(Handler.java:733)
E/ViewRootImpl( 6889): 	at android.os.Handler.dispatchMessage(Handler.java:95)
E/ViewRootImpl( 6889): 	at android.os.Looper.loop(Looper.java:137)
E/ViewRootImpl( 6889): 	at android.app.ActivityThread.main(ActivityThread.java:4998)
E/ViewRootImpl( 6889): 	at java.lang.reflect.Method.invokeNative(Native Method)
E/ViewRootImpl( 6889): 	at java.lang.reflect.Method.invoke(Method.java:515)
E/ViewRootImpl( 6889): 	at com.android.internal.os.ZygoteInit$MethodAndArgsCaller.run(ZygoteInit.java:811)
E/ViewRootImpl( 6889): 	at com.android.internal.os.ZygoteInit.main(ZygoteInit.java:627)
E/ViewRootImpl( 6889): 	at dalvik.system.NativeStart.main(Native Method)
E/BufferQueue( 1318): [com.android.chrome/com.google.android.apps.chrome.Main] connect: BufferQueue has been abandoned!
E/ViewRootImpl( 6889): Could not lock surface
E/ViewRootImpl( 6889): java.lang.IllegalArgumentException
E/ViewRootImpl( 6889): 	at android.view.Surface.nativeLockCanvas(Native Method)
E/ViewRootImpl( 6889): 	at android.view.Surface.lockCanvas(Surface.java:246)
E/ViewRootImpl( 6889): 	at android.view.ViewRootImpl.drawSoftware(ViewRootImpl.java:2452)
E/ViewRootImpl( 6889): 	at android.view.ViewRootImpl.draw(ViewRootImpl.java:2426)
E/ViewRootImpl( 6889): 	at android.view.ViewRootImpl.performDraw(ViewRootImpl.java:2270)
E/ViewRootImpl( 6889): 	at android.view.ViewRootImpl.performTraversals(ViewRootImpl.java:1900)
E/ViewRootImpl( 6889): 	at android.view.ViewRootImpl.doTraversal(ViewRootImpl.java:1017)
E/ViewRootImpl( 6889): 	at android.view.ViewRootImpl$TraversalRunnable.run(ViewRootImpl.java:5603)
E/ViewRootImpl( 6889): 	at android.view.Choreographer$CallbackRecord.run(Choreographer.java:749)
E/ViewRootImpl( 6889): 	at android.view.Choreographer.doCallbacks(Choreographer.java:562)
E/ViewRootImpl( 6889): 	at android.view.Choreographer.doFrame(Choreographer.java:532)
E/ViewRootImpl( 6889): 	at android.view.Choreographer$FrameDisplayEventReceiver.run(Choreographer.java:735)
E/ViewRootImpl( 6889): 	at android.os.Handler.handleCallback(Handler.java:733)
E/ViewRootImpl( 6889): 	at android.os.Handler.dispatchMessage(Handler.java:95)
E/ViewRootImpl( 6889): 	at android.os.Looper.loop(Looper.java:137)
E/ViewRootImpl( 6889): 	at android.app.ActivityThread.main(ActivityThread.java:4998)
E/ViewRootImpl( 6889): 	at java.lang.reflect.Method.invokeNative(Native Method)
E/ViewRootImpl( 6889): 	at java.lang.reflect.Method.invoke(Method.java:515)
E/ViewRootImpl( 6889): 	at com.android.internal.os.ZygoteInit$MethodAndArgsCaller.run(ZygoteInit.java:811)
E/ViewRootImpl( 6889): 	at com.android.internal.os.ZygoteInit.main(ZygoteInit.java:627)
E/ViewRootImpl( 6889): 	at dalvik.system.NativeStart.main(Native Method)
E/BufferQueue( 1318): [com.android.chrome/com.google.android.apps.chrome.Main] connect: BufferQueue has been abandoned!
E/ViewRootImpl( 6889): Could not lock surface
E/ViewRootImpl( 6889): java.lang.IllegalArgumentException
E/ViewRootImpl( 6889): 	at android.view.Surface.nativeLockCanvas(Native Method)
E/ViewRootImpl( 6889): 	at android.view.Surface.lockCanvas(Surface.java:246)
E/ViewRootImpl( 6889): 	at android.view.ViewRootImpl.drawSoftware(ViewRootImpl.java:2452)
E/ViewRootImpl( 6889): 	at android.view.ViewRootImpl.draw(ViewRootImpl.java:2426)
E/ViewRootImpl( 6889): 	at android.view.ViewRootImpl.performDraw(ViewRootImpl.java:2270)
E/ViewRootImpl( 6889): 	at android.view.ViewRootImpl.performTraversals(ViewRootImpl.java:1900)
E/ViewRootImpl( 6889): 	at android.view.ViewRootImpl.doTraversal(ViewRootImpl.java:1017)
E/ViewRootImpl( 6889): 	at android.view.ViewRootImpl$TraversalRunnable.run(ViewRootImpl.java:5603)
E/ViewRootImpl( 6889): 	at android.view.Choreographer$CallbackRecord.run(Choreographer.java:749)
E/ViewRootImpl( 6889): 	at android.view.Choreographer.doCallbacks(Choreographer.java:562)
E/ViewRootImpl( 6889): 	at android.view.Choreographer.doFrame(Choreographer.java:532)
E/ViewRootImpl( 6889): 	at android.view.Choreographer$FrameDisplayEventReceiver.run(Choreographer.java:735)
E/ViewRootImpl( 6889): 	at android.os.Handler.handleCallback(Handler.java:733)
E/ViewRootImpl( 6889): 	at android.os.Handler.dispatchMessage(Handler.java:95)
E/ViewRootImpl( 6889): 	at android.os.Looper.loop(Looper.java:137)
E/ViewRootImpl( 6889): 	at android.app.ActivityThread.main(ActivityThread.java:4998)
E/ViewRootImpl( 6889): 	at java.lang.reflect.Method.invokeNative(Native Method)
E/ViewRootImpl( 6889): 	at java.lang.reflect.Method.invoke(Method.java:515)
E/ViewRootImpl( 6889): 	at com.android.internal.os.ZygoteInit$MethodAndArgsCaller.run(ZygoteInit.java:811)
E/ViewRootImpl( 6889): 	at com.android.internal.os.ZygoteInit.main(ZygoteInit.java:627)
E/ViewRootImpl( 6889): 	at dalvik.system.NativeStart.main(Native Method)
E/gpslogd ( 1325): IPC Connection closed by libgps. Restarting GPS daemon...
I/Zygote  ( 1319): Exit zygote because system server (2437) has terminated
I/Netd    ( 7809): Netd 1.0 starting
W/InterfaceController( 7809): Warning (dlopen failed: library "/system/lib/libnetcmdiface.so" not found) while opening the net interface command library
D/gpsd    ( 7808): main()
D/gpsd    ( 7808): argv[0] = '/system/bin/glgps'
D/gpsd    ( 7808): argv[1] = '-c'
D/gpsd    ( 7808): argv[2] = '/system/etc/gps/gpsconfig.xml'
I/ServiceManager( 1313): service 'media.audio_policy' died
I/ServiceManager( 1313): service 'media.audio_flinger' died
I/ServiceManager( 1313): service 'media.player' died
I/ServiceManager( 1313): service 'media.camera' died
W/AudioSystem( 7772): AudioFlinger server died!
W/IMediaDeathNotifier( 7772): media server died
E/MediaPlayer( 7772): error (100, 0)
I/ServiceManager( 7772): Waiting for service media.audio_flinger...
W/linker  ( 7816): libve.so has text relocations. This is wasting memory and is a security risk. Please fix.
I/mediaserver( 7816): ServiceManager: 0xb70ba4c8
I/AudioFlinger( 7816): Using default 3000 mSec as standby time.
I/CameraService( 7816): CameraService started (pid=7816)
D/HALCameraFactory( 7816): camera hal version: 3000130327_V1.0
I/CameraService( 7816): Loaded "V4L2Camera Module" camera module
D/HALCameraFactory( 7816): There is 2 attached cameras and 0 removable cameras
I/AudioPolicyManagerBase( 7816): loadAudioPolicyConfig() loaded /system/etc/audio_policy.conf
D/codec_audio( 7816): get ro.sw.audio.codec_plan_name =0
D/codec_audio( 7816): get index =0
V/codec_audio_pad( 7816): ****LINE:171,FUNC:pad_init
D/codec_audio( 7816): key_name:PHONE_EARPIECE 
D/codec_audio( 7816): key_name:PHONE_HEADSET 
D/codec_audio( 7816): key_name:PHONE_SPEAKER 
D/codec_audio( 7816): key_name:BLUETOOTH_UP 
D/codec_audio( 7816): key_name:FM_HEADSET 
D/codec_audio( 7816): key_name:FM_SPEAKER 
D/codec_audio( 7816): get_volume_config pcm_vol: 8
D/bp_audio( 7816): get ro.sw.audio.bp_device_name=0
D/bp_audio( 7816): bp_device_detect index=0
I/AudioFlinger( 7816): loadHwModule() Loaded primary audio interface from sunxi audio HW HAL (audio) handle 1
I/AudioFlinger( 7816): HAL output buffer size 1056 frames, normal mix buffer size 1056 frames
V/codec_audio_plan_record( 7816): record manager thread sleep
I/AudioMixer( 7816): found effect "Multichannel Downmix To Stereo" from The Android Open Source Project
I/AudioFlinger( 7816): Using module 1 has the primary audio interface
I/AudioFlinger( 7816): AudioFlinger's thread 0xb5039008 ready to run
W/AudioFlinger( 7816): Thread AudioOut_2 cannot connect to the power manager service
W/AudioFlinger( 7816): Thread AudioOut_2 cannot connect to the power manager service
I/audio_a2dp_hw( 7816): adev_open:  adev_open in A2dp_hw module
I/AudioFlinger( 7816): loadHwModule() Loaded a2dp audio interface from A2DP Audio HW HAL (audio) handle 3
I/AudioFlinger( 7816): loadHwModule() Loaded usb audio interface from USB audio HW HAL (audio) handle 4
I/r_submix( 7816): adev_open(name=audio_hw_if)
I/r_submix( 7816): adev_init_check()
I/AudioFlinger( 7816): loadHwModule() Loaded r_submix audio interface from Wifi Display audio HAL (audio) handle 5
I/AudioPolicyService( 7816): Loaded audio policy from LEGACY Audio Policy HAL (audio_policy)
D/AndroidRuntime( 7810): 
D/AndroidRuntime( 7810): >>>>>> AndroidRuntime START com.android.internal.os.ZygoteInit <<<<<<
D/AndroidRuntime( 7810): CheckJNI is OFF
D/dalvikvm( 7810): Trying to load lib libjavacore.so 0x0
D/dalvikvm( 7810): Added shared lib libjavacore.so 0x0
D/dalvikvm( 7810): Trying to load lib libnativehelper.so 0x0
D/dalvikvm( 7810): Added shared lib libnativehelper.so 0x0
D/dalvikvm( 7810): No JNI_OnLoad found in libnativehelper.so 0x0, skipping init
D/dalvikvm( 7810): Note: class Landroid/app/ActivityManagerNative; has 180 unimplemented (abstract) methods
I/ServiceManager( 1313): service 'isms' died
I/ServiceManager( 1313): service 'iphonesubinfo' died
I/ServiceManager( 1313): service 'simphonebook' died
I/ServiceManager( 1313): service 'phone' died
E/memtrack( 7810): Couldn't load memtrack module (No such file or directory)
E/android.os.Debug( 7810): failed to load memtrack module: -2
I/SamplingProfilerIntegration( 7810): Profiling disabled.
D/libEGL  ( 7810): loaded /vendor/lib/egl/libEGL_POWERVR_SGX544_115.so
I/Zygote  ( 7810): Preloading classes...
D/libEGL  ( 7810): loaded /vendor/lib/egl/libGLESv1_CM_POWERVR_SGX544_115.so
D/dalvikvm( 7810): GC_EXPLICIT freed 42K, 8% free 537K/584K, paused 2ms+1ms, total 5ms
D/dalvikvm( 7810): WAIT_FOR_CONCURRENT_GC blocked 2ms
D/dalvikvm( 7810): GC_EXPLICIT freed <1K, 8% free 537K/584K, paused 2ms+1ms, total 4ms
D/libEGL  ( 7810): loaded /vendor/lib/egl/libGLESv2_POWERVR_SGX544_115.so
D/dalvikvm( 7810): GC_EXPLICIT freed 1K, 6% free 603K/636K, paused 2ms+1ms, total 5ms
I/Zygote  ( 7810): Preloading resources...
D/dalvikvm( 7810): GC_EXPLICIT freed 15K, 4% free 650K/672K, paused 4ms+1ms, total 7ms
D/dalvikvm( 7810): WAIT_FOR_CONCURRENT_GC blocked 3ms
D/dalvikvm( 7810): GC_EXPLICIT freed 2K, 4% free 651K/672K, paused 0ms+1ms, total 4ms
W/AudioFlinger( 7816): session id 199 not found for pid 7772
D/dalvikvm( 7810): GC_EXPLICIT freed 3K, 2% free 711K/724K, paused 4ms+4ms, total 10ms
D/dalvikvm( 7810): GC_EXPLICIT freed 5K, 2% free 759K/772K, paused 2ms+8ms, total 12ms
D/dalvikvm( 7810): GC_EXPLICIT freed 9K, 2% free 803K/816K, paused 2ms+0ms, total 7ms
D/dalvikvm( 7810): GC_EXPLICIT freed 6K, 2% free 849K/860K, paused 1ms+0ms, total 4ms
D/dalvikvm( 7810): GC_EXPLICIT freed 12K, 2% free 913K/928K, paused 1ms+1ms, total 4ms
D/dalvikvm( 7810): WAIT_FOR_CONCURRENT_GC blocked 5ms
D/dalvikvm( 7810): GC_EXPLICIT freed 2K, 1% free 964K/968K, paused 5ms+1ms, total 19ms
D/dalvikvm( 7810): WAIT_FOR_CONCURRENT_GC blocked 1ms
D/dalvikvm( 7810): GC_EXPLICIT freed 4K, 1% free 963K/972K, paused 1ms+2ms, total 6ms
D/dalvikvm( 7810): GC_EXPLICIT freed 6K, 1% free 1012K/1020K, paused 2ms+5ms, total 10ms
D/dalvikvm( 7810): GC_EXPLICIT freed <1K, 1% free 1011K/1020K, paused 2ms+1ms, total 7ms
D/dalvikvm( 7810): GC_EXPLICIT freed 7K, 2% free 1060K/1076K, paused 1ms+0ms, total 5ms
D/dalvikvm( 7810): WAIT_FOR_CONCURRENT_GC blocked 8ms
D/dalvikvm( 7810): GC_EXPLICIT freed 7K, 1% free 1065K/1076K, paused 0ms+0ms, total 10ms
D/dalvikvm( 7810): GC_EXPLICIT freed 11K, 2% free 1110K/1124K, paused 1ms+1ms, total 5ms
D/dalvikvm( 7810): WAIT_FOR_CONCURRENT_GC blocked 3ms
D/dalvikvm( 7810): GC_EXPLICIT freed 1K, 2% free 1117K/1132K, paused 1ms+1ms, total 5ms
D/dalvikvm( 7810): GC_EXPLICIT freed 14K, 2% free 1159K/1176K, paused 0ms+1ms, total 4ms
D/dalvikvm( 7810): WAIT_FOR_CONCURRENT_GC blocked 4ms
D/dalvikvm( 7810): GC_EXPLICIT freed <1K, 2% free 1159K/1176K, paused 16ms+1ms, total 21ms
D/dalvikvm( 7810): GC_EXPLICIT freed 18K, 2% free 1195K/1216K, paused 1ms+3ms, total 8ms
D/dalvikvm( 7810): WAIT_FOR_CONCURRENT_GC blocked 1ms
D/dalvikvm( 7810): GC_EXPLICIT freed 5K, 2% free 1197K/1216K, paused 2ms+2ms, total 8ms
D/dalvikvm( 7810): GC_EXPLICIT freed 12K, 2% free 1246K/1260K, paused 1ms+1ms, total 6ms
D/dalvikvm( 7810): WAIT_FOR_CONCURRENT_GC blocked 3ms
D/dalvikvm( 7810): GC_EXPLICIT freed <1K, 2% free 1245K/1260K, paused 0ms+1ms, total 5ms
D/dalvikvm( 7810): GC_EXPLICIT freed 11K, 2% free 1310K/1324K, paused 0ms+5ms, total 16ms
D/dalvikvm( 7810): GC_EXPLICIT freed 7K, 1% free 1367K/1380K, paused 0ms+1ms, total 6ms
D/dalvikvm( 7810): GC_EXPLICIT freed 10K, 1% free 1414K/1428K, paused 1ms+1ms, total 8ms
D/dalvikvm( 7810): WAIT_FOR_CONCURRENT_GC blocked 7ms
D/dalvikvm( 7810): GC_EXPLICIT freed 3K, 2% free 1410K/1428K, paused 2ms+1ms, total 7ms
D/dalvikvm( 7810): GC_EXPLICIT freed 9K, 1% free 1467K/1480K, paused 2ms+1ms, total 8ms
D/dalvikvm( 7810): WAIT_FOR_CONCURRENT_GC blocked 6ms
D/dalvikvm( 7810): GC_EXPLICIT freed <1K, 1% free 1467K/1480K, paused 2ms+1ms, total 7ms
D/dalvikvm( 7810): GC_EXPLICIT freed 15K, 2% free 1514K/1532K, paused 1ms+1ms, total 7ms
D/dalvikvm( 7810): GC_EXPLICIT freed 2K, 1% free 1790K/1808K, paused 6ms+1ms, total 16ms
D/dalvikvm( 7810): GC_EXPLICIT freed 1K, 1% free 1790K/1808K, paused 1ms+2ms, total 8ms
D/dalvikvm( 7810): GC_EXPLICIT freed 5K, 2% free 1859K/1880K, paused 8ms+1ms, total 14ms
D/dalvikvm( 7810): WAIT_FOR_CONCURRENT_GC blocked 6ms
D/dalvikvm( 7810): GC_EXPLICIT freed <1K, 2% free 1860K/1880K, paused 1ms+1ms, total 7ms
D/dalvikvm( 7810): GC_EXPLICIT freed 6K, 1% free 2026K/2040K, paused 0ms+1ms, total 6ms
D/dalvikvm( 7810): GC_EXPLICIT freed 9K, 1% free 2107K/2120K, paused 1ms+1ms, total 7ms
D/dalvikvm( 7810): GC_EXPLICIT freed 4K, 1% free 2193K/2200K, paused 1ms+2ms, total 9ms
D/dalvikvm( 7810): GC_EXPLICIT freed 8K, 1% free 2264K/2276K, paused 2ms+3ms, total 10ms
D/dalvikvm( 7810): GC_EXPLICIT freed 14K, 1% free 2307K/2328K, paused 8ms+9ms, total 22ms
D/TextLayoutCache( 7810): Using debug level = 0 - Debug Enabled = 0
D/dalvikvm( 7810): GC_EXPLICIT freed 10K, 1% free 2350K/2368K, paused 4ms+2ms, total 11ms
D/dalvikvm( 7810): WAIT_FOR_CONCURRENT_GC blocked 3ms
D/dalvikvm( 7810): GC_EXPLICIT freed 2K, 1% free 2359K/2372K, paused 2ms+1ms, total 9ms
D/dalvikvm( 7810): GC_EXPLICIT freed 7K, 1% free 2399K/2408K, paused 2ms+1ms, total 14ms
D/dalvikvm( 7810): GC_EXPLICIT freed 3K, 1% free 2455K/2472K, paused 1ms+1ms, total 9ms
I/dalvikvm( 7810): threadid=5: recursive native library load attempt (/system/lib/libmedia_jni.so)
D/MtpDeviceJNI( 7810): register_android_mtp_MtpDevice
I/dalvikvm( 7810): threadid=5: recursive native library load attempt (/system/lib/libmedia_jni.so)
I/dalvikvm( 7810): threadid=5: recursive native library load attempt (/system/lib/libmedia_jni.so)
I/dalvikvm( 7810): threadid=5: recursive native library load attempt (/system/lib/libmedia_jni.so)
D/dalvikvm( 7810): GC_EXPLICIT freed 5K, 1% free 2491K/2504K, paused 2ms+1ms, total 10ms
D/dalvikvm( 7810): GC_EXPLICIT freed 15K, 1% free 2528K/2548K, paused 1ms+2ms, total 9ms
D/dalvikvm( 7810): WAIT_FOR_CONCURRENT_GC blocked 8ms
D/dalvikvm( 7810): GC_EXPLICIT freed 4K, 1% free 2571K/2580K, paused 1ms+14ms, total 32ms
D/dalvikvm( 7810): GC_EXPLICIT freed 20K, 1% free 2635K/2660K, paused 1ms+1ms, total 23ms
D/dalvikvm( 7810): GC_EXPLICIT freed 8K, 1% free 2695K/2712K, paused 8ms+1ms, total 17ms
D/dalvikvm( 7810): WAIT_FOR_CONCURRENT_GC blocked 7ms
D/dalvikvm( 7810): GC_EXPLICIT freed <1K, 1% free 2716K/2736K, paused 2ms+2ms, total 11ms
D/dalvikvm( 7810): GC_EXPLICIT freed 12K, 1% free 2760K/2776K, paused 2ms+2ms, total 12ms
D/dalvikvm( 7810): WAIT_FOR_CONCURRENT_GC blocked 8ms
D/dalvikvm( 7810): GC_EXPLICIT freed 4K, 1% free 2761K/2776K, paused 3ms+2ms, total 13ms
D/dalvikvm( 7810): GC_EXPLICIT freed 13K, 1% free 2802K/2820K, paused 1ms+2ms, total 10ms
D/dalvikvm( 7810): WAIT_FOR_CONCURRENT_GC blocked 8ms
D/dalvikvm( 7810): GC_EXPLICIT freed 17K, 1% free 2806K/2828K, paused 0ms+3ms, total 12ms
I/Zygote  ( 7810): ...preloaded 274 resources in 1260ms.
I/Zygote  ( 7810): ...preloaded 31 resources in 21ms.
E/EmojiFactory_jni( 7810): Failed to load libemoji.so: dlopen failed: library "libemoji.so" not found
V/NatController( 7809): runCmd(/system/bin/iptables -F natctrl_FORWARD) res=0
V/NatController( 7809): runCmd(/system/bin/iptables -A natctrl_FORWARD -j DROP) res=0
V/NatController( 7809): runCmd(/system/bin/iptables -t nat -F natctrl_nat_POSTROUTING) res=0
V/NatController( 7809): runCmd(/system/bin/ip rule flush) res=0
I/LibraryLoader( 7810): loading: webviewchromium
V/NatController( 7809): runCmd(/system/bin/ip -6 rule flush) res=0
V/NatController( 7809): runCmd(/system/bin/ip rule add from all lookup default prio 32767) res=0
V/NatController( 7809): runCmd(/system/bin/ip rule add from all lookup main prio 32766) res=0
V/NatController( 7809): runCmd(/system/bin/ip -6 rule add from all lookup default prio 32767) res=0
V/NatController( 7809): runCmd(/system/bin/ip -6 rule add from all lookup main prio 32766) res=0
V/NatController( 7809): runCmd(/system/bin/ip route flush cache) res=0
I/LibraryLoader( 7810): loaded: webviewchromium
V/NatController( 7809): runCmd(/system/bin/iptables -F natctrl_tether_counters) res=0
V/NatController( 7809): runCmd(/system/bin/iptables -X natctrl_tether_counters) res=0
V/NatController( 7809): runCmd(/system/bin/iptables -N natctrl_tether_counters) res=0
D/dalvikvm( 7810): GC_FOR_ALLOC freed 190K, 6% free 3321K/3512K, paused 13ms, total 13ms
D/dalvikvm( 7810): GC_FOR_ALLOC freed 425K, 11% free 3725K/4152K, paused 24ms, total 24ms
D/dalvikvm( 7810): GC_FOR_ALLOC freed 533K, 12% free 4124K/4660K, paused 23ms, total 23ms
I/System  ( 7810): Loaded time zone names for "" in 105ms (75ms in ICU)
I/System  ( 7810): Loaded time zone names for "en_US" in 59ms (51ms in ICU)
I/Zygote  ( 7810): ...preloaded 2778 classes in 2513ms.
D/MDnsDS  ( 7809): MDnsSdListener::Hander starting up
D/MDnsDS  ( 7809): MDnsSdListener starting to monitor
D/MDnsDS  ( 7809): Going to poll with pollCount 1
D/dalvikvm( 7810): GC_EXPLICIT freed 287K, 7% free 4353K/4660K, paused 2ms+3ms, total 25ms
D/dalvikvm( 7810): GC_EXPLICIT freed 2K, 7% free 4351K/4660K, paused 3ms+3ms, total 31ms
D/dalvikvm( 7810): GC_EXPLICIT freed <1K, 7% free 4351K/4660K, paused 2ms+3ms, total 22ms
I/dalvikvm( 7810): System server process 8136 has been created
I/Zygote  ( 7810): Accepting command socket connections
D/SensorService( 8136): nuSensorService starting...
I/SystemServer( 8136): Entered the Android system server!
E/Sensorsmpltiger( 8136): could not open the accel irq device node
D/Sensorsmpltiger( 8136): MPLSensor falling back to timerirq for accel data
I/MPL-mlsl( 8136): inv_serial_open: /dev/mpu
I/Sensorsmpltiger( 8136): InvenSense MPL v4.1.2 Engineering Jan  3 2014 14:58:46
I/MPL-mldl_cfg_mpu:( 8136): inv_mpu_suspend(,,,,7fff) -> 0000
E/MPL-mlsl( 8136): Cannot open file "/data/cal.bin" for read
E/MPL-storeload( 8136): Could not get file calibration length - error 14 - aborting
V/Sensorsmpltiger( 8136): Calibration file successfully loaded
W/Sensorsmpltiger( 8136): No compass configured on this platform : mldl_cfg->slave[EXT_SLAVE_TYPE_COMPASS] = NULL
E/Sensorsmpltiger( 8136): Error : enable 9 axis sensor fusion function not registered
V/Sensorsmpltiger( 8136): MPLSensor::getFd returning 40
V/Sensorsmpltiger( 8136): MPLSensor::getAccelFd returning -1
V/Sensorsmpltiger( 8136): MPLSensor::getTimerFd returning 41
E/Sensors ( 8136): tiger LightSensor::LightSensor data_fd = 44
E/Sensors ( 8136): LightSensor: enable fd = 43 , input_sysfs_path = /sys/class/input/event4/device/enable
E/Sensors ( 8136): LightSensor set flags = 1,mEnabled = 1



=== 解决方法： ===
修改 framework/base/core/java/android/view/MotionEvent.java

    public final MotionEvent split(int idBits) {
           MotionEvent ev = obtain();
           synchronized (gSharedTempLock) {
                      final int oldPointerCount = nativeGetPointerCount(mNativePtr);
                      ensureSharedTempPointerCapacity(oldPointerCount);
                      final PointerProperties[] pp = gSharedTempPointerProperties;
                      final PointerCoords[] pc = gSharedTempPointerCoords;
                      final int[] map = gSharedTempPointerIndexMap;

                      final int oldAction = nativeGetAction(mNativePtr);
                      final int oldActionMasked = oldAction & ACTION_MASK;
                      final int oldActionPointerIndex = (oldAction & ACTION_POINTER_INDEX_MASK)  >> ACTION_POINTER_INDEX_SHIFT;
                      int newActionPointerIndex = -1;
                      int newPointerCount = 0;
                      int newIdBits = 0;

                     //xcj:2014-3-7
                     //Slog.d("MotionEvent", "xcj--MotionEvent.split  oldPointerCount="+ oldPointerCount  );

                      for (int i = 0; i < oldPointerCount; i++) {
                                    nativeGetPointerProperties(mNativePtr, i, pp[newPointerCount]);
                                    final int idBit = 1 << pp[newPointerCount].id;

                                    //Slog.d("MotionEvent", "xcj--MotionEvent.split   idBits="+idBits +"  idBit="+idBit);
                                   if ((idBit & idBits) != 0) {
                                              //xcj:2014-3-7
                                             //Slog.d("MotionEvent", "xcj--MotionEvent.split-- ((idBit & idBits) != 0)=true" );
                                             if (i == oldActionPointerIndex) {
                                                           newActionPointerIndex = newPointerCount;
                                              }
                                              map[newPointerCount] = i;
                                              newPointerCount += 1;
                                             newIdBits |= idBit;
                                   }
                         }

                         if (newPointerCount == 0) {
                                        //xcj:2014-3-7
                                       //Slog.d("MotionEvent", "xcj--MotionEvent.split-- (newPointerCount == 0)=true" );
                                       //Slog.d("MotionEvent", "xcj--MotionEvent.split--000000000000000000000000000000000000000000000000000000000000000000000000000000000000000000" );
                                      //Slog.d("MotionEvent", "xcj--MotionEvent.split--000000000000000000000000000000000000000000000000000000000000000000000000000000000000000000" );
                                      //Slog.d("MotionEvent", "xcj--MotionEvent.split--000000000000000000000000000000000000000000000000000000000000000000000000000000000000000000" );
                                      __//throw new IllegalArgumentException("idBits did not match any ids in the event");__
                                      __return  ev;__     
                            }

                           final int newAction;
                           if (oldActionMasked == ACTION_POINTER_DOWN || oldActionMasked == ACTION_POINTER_UP) {
                                           if (newActionPointerIndex < 0) {
                                                       // An unrelated pointer changed.
                                                      newAction = ACTION_MOVE;
                                            } else if (newPointerCount == 1) {
                                                       // The first/last pointer went down/up.
                                                      newAction = oldActionMasked == ACTION_POINTER_DOWN  ? ACTION_DOWN : ACTION_UP;
                                           } else {
                                                      // A secondary pointer went down/up.
                                                     newAction = oldActionMasked  | (newActionPointerIndex << ACTION_POINTER_INDEX_SHIFT);
                                           }
                           } else {
                                          // Simple up/down/cancel/move or other motion action.
                                           newAction = oldAction;
                          }

                        final int historySize = nativeGetHistorySize(mNativePtr);
                        for (int h = 0; h <= historySize; h++) {
                                       final int historyPos = h == historySize ? HISTORY_CURRENT : h;

                                       for (int i = 0; i < newPointerCount; i++) {
                                                   nativeGetPointerCoords(mNativePtr, map[i], historyPos, pc[i]);
                                       }

                                       final long eventTimeNanos = nativeGetEventTimeNanos(mNativePtr, historyPos);
                                       if (h == 0) {
                                                     ev.mNativePtr = nativeInitialize(ev.mNativePtr,
                                                     nativeGetDeviceId(mNativePtr), nativeGetSource(mNativePtr),
                                                     newAction, nativeGetFlags(mNativePtr),
                                                     nativeGetEdgeFlags(mNativePtr), nativeGetMetaState(mNativePtr),
                                                     nativeGetButtonState(mNativePtr),
                                                     nativeGetXOffset(mNativePtr), nativeGetYOffset(mNativePtr),
                                                     nativeGetXPrecision(mNativePtr), nativeGetYPrecision(mNativePtr),
                                                     nativeGetDownTimeNanos(mNativePtr), eventTimeNanos,
                                                     newPointerCount, pp, pc);
                                        } else {
                                                     nativeAddBatch(ev.mNativePtr, eventTimeNanos, pc, 0);
                                         }
                         }
                          return ev;
               }
    }

=== 总结： ===
抛出异常时，系统对异常处理不过来，就导致了死机重启。



